exit 1
--- stdout
<DIR>/oci.yaml: Composition/oci pipeline[0] oci: refused: module oci <REGISTRY>/example/greeter@sha256:f8f8bdad9ff53581b900fd0bd927c83462f7c08c5714b1c3aad2b82dea65a56d requires a private /tmp (requires.filesystem.privateTmp), but the runtime has no --sandbox-policy-file, which is required to grant sandbox capabilities
  module: sha256:f8f8bdad9ff53581b900fd0bd927c83462f7c08c5714b1c3aad2b82dea65a56d, 85 B, ABI v1; manifest: greeter 0.1.0, private /tmp
--- stderr
