exit 1
--- stdout
testdata/validate/allow-empty.yaml: Composition/allow-empty pipeline[0] chosen: OK (oci ghcr.io/example/greeter@sha256:3f2a3f2a3f2a3f2a3f2a3f2a3f2a3f2a3f2a3f2a3f2a3f2a3f2a3f2a3f2a3f2a (from status.module), compositionPolicy)
testdata/validate/allow-empty.yaml: Composition/allow-empty pipeline[1] unset: OK (no module: status.hook of the composite resource is unset (allowEmpty), compositionPolicy)
testdata/validate/allow-empty.yaml: Composition/allow-empty pipeline[2] null-value: OK (no module: status.empty of the composite resource is unset (allowEmpty))
  warning: module.type Path names a file under the runtime's --module-dir and carries no digest; a cluster Composition should pin an OCI or HTTP source by digest
testdata/validate/allow-empty.yaml: Composition/allow-empty pipeline[3] unset-refused: refused: cannot resolve module: module.from: cannot read status.hook from the composite resource: hook: no such field
testdata/validate/allow-empty.yaml: Composition/allow-empty pipeline[4] static: refused: cannot resolve module: module.allowEmpty is set but module.from is not: only a module the composite resource chooses can be left unset
--- stderr
