exit 1
--- stdout
<DIR>/Unsigned.yaml: Composition/Unsigned pipeline[0] Unsigned: refused: cannot verify module oci <REGISTRY>/example/greeter@sha256:f5afd6c7bcd67711b0f9cdce9146e7481206fd17272000168e51d23129e4313d: <REGISTRY>/example/greeter@sha256:f5afd6c7bcd67711b0f9cdce9146e7481206fd17272000168e51d23129e4313d carries no cosign signature (no Sigstore bundle among its referrers)
--- stderr
