exit 1
--- stdout
{"file":"testdata/validate/credentials.yaml","composition":"credentials","document":0,"index":0,"step":"unfenced","function":"function-wasm","status":"ok","module":"path fn.wasm","warnings":["module.type Path names a file under the runtime's --module-dir and carries no digest; a cluster Composition should pin an OCI or HTTP source by digest"],"resolved":{"digest":"sha256:09e6ac0cbcc0abcea78afa7df96114b5e4c3bf4020eb97a9aa188e17473d9714","size":255,"abi":"v2","manifest":{"abi":2,"name":"cmdb-reader","version":"0.1.0","requires":{"credentials":["cmdb"]}}},"credentials":["cmdb"]}
{"file":"testdata/validate/credentials.yaml","composition":"credentials","document":0,"index":1,"step":"permitted","function":"function-wasm","status":"ok","module":"path fn.wasm","details":["compositionPolicy"],"warnings":["module.type Path names a file under the runtime's --module-dir and carries no digest; a cluster Composition should pin an OCI or HTTP source by digest"],"resolved":{"digest":"sha256:09e6ac0cbcc0abcea78afa7df96114b5e4c3bf4020eb97a9aa188e17473d9714","size":255,"abi":"v2","manifest":{"abi":2,"name":"cmdb-reader","version":"0.1.0","requires":{"credentials":["cmdb"]}}},"credentials":["cmdb"]}
{"file":"testdata/validate/credentials.yaml","composition":"credentials","document":0,"index":2,"step":"fenced","function":"function-wasm","status":"refused","message":"module module file fn.wasm requires credential \"cmdb\" (requires.credentials[0]), which the compositionPolicy does not permit","module":"path fn.wasm","details":["compositionPolicy"],"warnings":["module.type Path names a file under the runtime's --module-dir and carries no digest; a cluster Composition should pin an OCI or HTTP source by digest"],"resolved":{"digest":"sha256:09e6ac0cbcc0abcea78afa7df96114b5e4c3bf4020eb97a9aa188e17473d9714","size":255,"abi":"v2","manifest":{"abi":2,"name":"cmdb-reader","version":"0.1.0","requires":{"credentials":["cmdb"]}}}}
--- stderr
