exit 1
--- stdout
testdata/validate/credentials.yaml: Composition/credentials pipeline[0] unfenced: refused: module module file fn.wasm requires credential "cmdb" (requires.credentials[0]), but the runtime has no --sandbox-policy-file, which is required to grant step credentials (spendCredential)
  module: sha256:09e6ac0cbcc0abcea78afa7df96114b5e4c3bf4020eb97a9aa188e17473d9714, 255 B, ABI v2; manifest: cmdb-reader 0.1.0, credentials cmdb
  warning: module.type Path names a file under the runtime's --module-dir and carries no digest; a cluster Composition should pin an OCI or HTTP source by digest
testdata/validate/credentials.yaml: Composition/credentials pipeline[1] permitted: refused: module module file fn.wasm requires credential "cmdb" (requires.credentials[0]), but the runtime has no --sandbox-policy-file, which is required to grant step credentials (spendCredential)
  module: sha256:09e6ac0cbcc0abcea78afa7df96114b5e4c3bf4020eb97a9aa188e17473d9714, 255 B, ABI v2; manifest: cmdb-reader 0.1.0, credentials cmdb
  warning: module.type Path names a file under the runtime's --module-dir and carries no digest; a cluster Composition should pin an OCI or HTTP source by digest
testdata/validate/credentials.yaml: Composition/credentials pipeline[2] fenced: refused: module module file fn.wasm requires credential "cmdb" (requires.credentials[0]), which the compositionPolicy does not permit
  module: sha256:09e6ac0cbcc0abcea78afa7df96114b5e4c3bf4020eb97a9aa188e17473d9714, 255 B, ABI v2; manifest: cmdb-reader 0.1.0, credentials cmdb
  warning: module.type Path names a file under the runtime's --module-dir and carries no digest; a cluster Composition should pin an OCI or HTTP source by digest
--- stderr
