exit 1
--- stdout
testdata/validate/credentials.yaml: Composition/credentials pipeline[0] unfenced: refused: module module file fn.wasm requires credential "cmdb" (requires.credentials[0]), which the operator policy (--sandbox-policy-file) does not permit
  module: sha256:d8f9c70dd9bca2be5b598bc81ac9dbbd4f49531eb8174e8bcdd1aa895c230ba3, 85 B, ABI v1; manifest: cmdb-reader 0.1.0, credentials cmdb
  warning: module.type Path names a file under the runtime's --module-dir and carries no digest; a cluster Composition should pin an OCI or HTTP source by digest
testdata/validate/credentials.yaml: Composition/credentials pipeline[1] permitted: refused: module module file fn.wasm requires credential "cmdb" (requires.credentials[0]), which the operator policy (--sandbox-policy-file) does not permit
  module: sha256:d8f9c70dd9bca2be5b598bc81ac9dbbd4f49531eb8174e8bcdd1aa895c230ba3, 85 B, ABI v1; manifest: cmdb-reader 0.1.0, credentials cmdb
  warning: module.type Path names a file under the runtime's --module-dir and carries no digest; a cluster Composition should pin an OCI or HTTP source by digest
testdata/validate/credentials.yaml: Composition/credentials pipeline[2] fenced: refused: module module file fn.wasm requires credential "cmdb" (requires.credentials[0]), which the compositionPolicy does not permit
  module: sha256:d8f9c70dd9bca2be5b598bc81ac9dbbd4f49531eb8174e8bcdd1aa895c230ba3, 85 B, ABI v1; manifest: cmdb-reader 0.1.0, credentials cmdb
  warning: module.type Path names a file under the runtime's --module-dir and carries no digest; a cluster Composition should pin an OCI or HTTP source by digest
--- stderr
