exit 1
--- stdout
<DIR>/http-1.yaml: Composition/with-manifest pipeline[0] with-manifest: refused: module http http://<SERVER>/fn.wasm requires a private /tmp (requires.filesystem.privateTmp), but the runtime has no --sandbox-policy-file, which is required to grant sandbox capabilities
  module: sha256:09e6ac0cbcc0abcea78afa7df96114b5e4c3bf4020eb97a9aa188e17473d9714, 255 B, ABI v2; manifest: greeter 0.1.0, private /tmp
--- stderr
