exit 1
--- stdout
<DIR>/abiv1.yaml: Composition/abiv1 pipeline[0] abiv1: refused: module module file fn.wasm has an invalid manifest: abi must be 2 (this runtime implements ABI v2 only; ABI v1 was removed in function-wasm 1.0.0), got 1
  module: sha256:09e6ac0cbcc0abcea78afa7df96114b5e4c3bf4020eb97a9aa188e17473d9714, 255 B, ABI v2
  warning: module.type Path names a file under the runtime's --module-dir and carries no digest; a cluster Composition should pin an OCI or HTTP source by digest
--- stderr
