exit 0
--- stdout
<DIR>/tmp.yaml: Composition/tmp pipeline[0] tmp: OK (path fn.wasm)
  module: sha256:09e6ac0cbcc0abcea78afa7df96114b5e4c3bf4020eb97a9aa188e17473d9714, 255 B, ABI v2; manifest: greeter 0.1.0, private /tmp
  warning: module.type Path names a file under the runtime's --module-dir and carries no digest; a cluster Composition should pin an OCI or HTTP source by digest
--- stderr
