exit 1
--- stdout
<DIR>/abimismatch.yaml: Composition/abimismatch pipeline[0] abimismatch: refused: module module file fn.wasm manifest says abi: 2, but the module is a core module (ABI v1)
  module: sha256:d8f9c70dd9bca2be5b598bc81ac9dbbd4f49531eb8174e8bcdd1aa895c230ba3, 85 B, ABI v1; manifest: greeter 0.1.0
  warning: module.type Path names a file under the runtime's --module-dir and carries no digest; a cluster Composition should pin an OCI or HTTP source by digest
--- stderr
