exit 1
--- stdout
{"file":"<DIR>/composition.yaml","composition":"resolve","document":0,"index":0,"step":"ok","function":"function-wasm","status":"ok","module":"path fn.wasm","warnings":["module.type Path names a file under the runtime's --module-dir and carries no digest; a cluster Composition should pin an OCI or HTTP source by digest"],"resolved":{"digest":"sha256:c576adc1a951baa7f3064683718c4bc93e70fd3f7e0a2eb6ac9112faa4497f3e","size":607,"abi":"v2","imports":["log"]}}
{"file":"<DIR>/composition.yaml","composition":"resolve","document":0,"index":1,"step":"coremodule","function":"function-wasm","status":"refused","message":"cannot load module module file coremodule.wasm: module is a core module, which function-wasm 1.0.0 no longer runs (ABI v1 was removed); build it as an ABI v2 component (docs/abi-v2.md)","module":"path coremodule.wasm","warnings":["module.type Path names a file under the runtime's --module-dir and carries no digest; a cluster Composition should pin an OCI or HTTP source by digest"]}
{"file":"<DIR>/composition.yaml","composition":"resolve","document":0,"index":2,"step":"notwasm","function":"function-wasm","status":"refused","message":"cannot load module module file notwasm.wasm: cannot compile module: failed to parse WebAssembly module","module":"path notwasm.wasm","warnings":["module.type Path names a file under the runtime's --module-dir and carries no digest; a cluster Composition should pin an OCI or HTTP source by digest"]}
{"file":"<DIR>/composition.yaml","composition":"resolve","document":0,"index":3,"step":"missing","function":"function-wasm","status":"refused","message":"cannot resolve module: cannot stat module file: stat <DIR>/missing.wasm: no such file or directory","module":"path missing.wasm","warnings":["module.type Path names a file under the runtime's --module-dir and carries no digest; a cluster Composition should pin an OCI or HTTP source by digest"]}
{"file":"<DIR>/composition.yaml","composition":"resolve","document":0,"index":4,"step":"precompiled","function":"function-wasm","status":"refused","message":"cannot load module module file precompiled.wasm: module is a wasmtime compiled artifact (.cwasm), not a wasm module","module":"path precompiled.wasm","warnings":["module.type Path names a file under the runtime's --module-dir and carries no digest; a cluster Composition should pin an OCI or HTTP source by digest"]}
{"file":"<DIR>/composition.yaml","composition":"resolve","document":0,"index":5,"step":"component","function":"function-wasm","status":"ok","module":"path component.wasm","warnings":["module.type Path names a file under the runtime's --module-dir and carries no digest; a cluster Composition should pin an OCI or HTTP source by digest"],"resolved":{"digest":"sha256:09e6ac0cbcc0abcea78afa7df96114b5e4c3bf4020eb97a9aa188e17473d9714","size":255,"abi":"v2"}}
{"file":"<DIR>/composition.yaml","composition":"resolve","document":0,"index":6,"step":"emptycomponent","function":"function-wasm","status":"refused","message":"cannot load module module file emptycomponent.wasm: component does not implement the wasmfn:function@2.0.0-draft world: no export `run` found","module":"path emptycomponent.wasm","warnings":["module.type Path names a file under the runtime's --module-dir and carries no digest; a cluster Composition should pin an OCI or HTTP source by digest"]}
--- stderr
