exit 1
--- stdout
{"file":"<DIR>/composition.yaml","composition":"resolve","document":0,"index":0,"step":"ok","function":"function-wasm","status":"ok","module":"path fn.wasm","warnings":["module.type Path names a file under the runtime's --module-dir and carries no digest; a cluster Composition should pin an OCI or HTTP source by digest"],"resolved":{"digest":"sha256:9af9dc722904bbd1851fb7bd6b6605fc2c0e7e854470ea27448482ef51c8cff1","size":122,"abi":"v1","imports":["wasmfn.log"]}}
{"file":"<DIR>/composition.yaml","composition":"resolve","document":0,"index":1,"step":"bad","function":"function-wasm","status":"refused","message":"cannot load module module file bad.wasm: module does not export \"wasmfn_run\"","module":"path bad.wasm","warnings":["module.type Path names a file under the runtime's --module-dir and carries no digest; a cluster Composition should pin an OCI or HTTP source by digest"]}
{"file":"<DIR>/composition.yaml","composition":"resolve","document":0,"index":2,"step":"notwasm","function":"function-wasm","status":"refused","message":"cannot load module module file notwasm.wasm: cannot compile module: failed to parse WebAssembly module","module":"path notwasm.wasm","warnings":["module.type Path names a file under the runtime's --module-dir and carries no digest; a cluster Composition should pin an OCI or HTTP source by digest"]}
{"file":"<DIR>/composition.yaml","composition":"resolve","document":0,"index":3,"step":"missing","function":"function-wasm","status":"refused","message":"cannot resolve module: cannot stat module file: stat <DIR>/missing.wasm: no such file or directory","module":"path missing.wasm","warnings":["module.type Path names a file under the runtime's --module-dir and carries no digest; a cluster Composition should pin an OCI or HTTP source by digest"]}
{"file":"<DIR>/composition.yaml","composition":"resolve","document":0,"index":4,"step":"precompiled","function":"function-wasm","status":"refused","message":"cannot load module module file precompiled.wasm: module is a wasmtime compiled artifact (.cwasm), not a wasm module","module":"path precompiled.wasm","warnings":["module.type Path names a file under the runtime's --module-dir and carries no digest; a cluster Composition should pin an OCI or HTTP source by digest"]}
--- stderr
