exit 1
--- stdout
<DIR>/composition.yaml: Composition/resolve pipeline[0] ok: OK (path fn.wasm)
  module: sha256:c576adc1a951baa7f3064683718c4bc93e70fd3f7e0a2eb6ac9112faa4497f3e, 607 B, ABI v2, imports log
  warning: module.type Path names a file under the runtime's --module-dir and carries no digest; a cluster Composition should pin an OCI or HTTP source by digest
<DIR>/composition.yaml: Composition/resolve pipeline[1] coremodule: refused: cannot load module module file coremodule.wasm: module is a core module, which function-wasm 1.0.0 no longer runs (ABI v1 was removed); build it as an ABI v2 component (docs/abi-v2.md)
  warning: module.type Path names a file under the runtime's --module-dir and carries no digest; a cluster Composition should pin an OCI or HTTP source by digest
<DIR>/composition.yaml: Composition/resolve pipeline[2] notwasm: refused: cannot load module module file notwasm.wasm: cannot compile module: failed to parse WebAssembly module
  warning: module.type Path names a file under the runtime's --module-dir and carries no digest; a cluster Composition should pin an OCI or HTTP source by digest
<DIR>/composition.yaml: Composition/resolve pipeline[3] missing: refused: cannot resolve module: cannot stat module file: stat <DIR>/missing.wasm: no such file or directory
  warning: module.type Path names a file under the runtime's --module-dir and carries no digest; a cluster Composition should pin an OCI or HTTP source by digest
<DIR>/composition.yaml: Composition/resolve pipeline[4] precompiled: refused: cannot load module module file precompiled.wasm: module is a wasmtime compiled artifact (.cwasm), not a wasm module
  warning: module.type Path names a file under the runtime's --module-dir and carries no digest; a cluster Composition should pin an OCI or HTTP source by digest
<DIR>/composition.yaml: Composition/resolve pipeline[5] component: OK (path component.wasm)
  module: sha256:09e6ac0cbcc0abcea78afa7df96114b5e4c3bf4020eb97a9aa188e17473d9714, 255 B, ABI v2
  warning: module.type Path names a file under the runtime's --module-dir and carries no digest; a cluster Composition should pin an OCI or HTTP source by digest
<DIR>/composition.yaml: Composition/resolve pipeline[6] emptycomponent: refused: cannot load module module file emptycomponent.wasm: component does not implement the wasmfn:function@2.0.0 world: no export `run` found
  warning: module.type Path names a file under the runtime's --module-dir and carries no digest; a cluster Composition should pin an OCI or HTTP source by digest
--- stderr
